// Jest Snapshot v1, https://goo.gl/fbAQLP

exports[`ManageDietDetail renders and matches snapshot 1`] = `
"<Styled(MuiBox)>
  <WithStyles(ForwardRef(Typography)) variant=\\"h5\\">
    Add
     Diet
  </WithStyles(ForwardRef(Typography))>
  <WithStyles(ForwardRef(TextField)) id=\\"diet-title\\" label=\\"Title *\\" margin=\\"normal\\" value=\\"\\" onChange={[Function: onChange]} onKeyDown={[Function: pressedEnter]} fullWidth={true} autoFocus={true} />
  <WithStyles(ForwardRef(TextField)) id=\\"diet-desc\\" label=\\"Description *\\" margin=\\"normal\\" value=\\"\\" onChange={[Function: onChange]} onKeyDown={[Function: pressedEnter]} fullWidth={true} multiline={true} rowsMax=\\"4\\" />
  <WithStyles(ForwardRef(Button)) color=\\"primary\\" fullWidth={true} variant=\\"contained\\" className=\\"makeStyles-button-1\\" onClick={[Function: saveDiet]}>
    Add
     Diet
  </WithStyles(ForwardRef(Button))>
  <WithStyles(ForwardRef(Button)) color=\\"secondary\\" fullWidth={true} onClick={[Function: cancel]}>
    Cancel
  </WithStyles(ForwardRef(Button))>
</Styled(MuiBox)>"
`;
